// Jest Snapshot v1, https://goo.gl/fbAQLP

exports[`Pic component should renders correctly 1`] = `
<div
  className="pic"
>
  <figure
    className="figure"
  >
    <img
      alt="Maxmovil logo"
      className="figure-img img-fluid rounded"
      src="Masmovillogo.svg.png"
    />
  </figure>
</div>
`;
